---
source: crates/tests/acl/src/lib.rs
expression: resolved
---
Resolved {
    has_app_acl: false,
    allowed_commands: {
        "plugin:fs|move": [
            ResolvedCommand {
                context: Local,
                windows: [
                    Pattern {
                        original: "main",
                        tokens: [
                            Char(
                                'm',
                            ),
                            Char(
                                'a',
                            ),
                            Char(
                                'i',
                            ),
                            Char(
                                'n',
                            ),
                        ],
                        is_recursive: false,
                        has_metachars: false,
                    },
                ],
                webviews: [],
                scope_id: Some(
                    4,
                ),
            },
        ],
        "plugin:fs|read_dir": [
            ResolvedCommand {
                context: Local,
                windows: [
                    Pattern {
                        original: "main",
                        tokens: [
                            Char(
                                'm',
                            ),
                            Char(
                                'a',
                            ),
                            Char(
                                'i',
                            ),
                            Char(
                                'n',
                            ),
                        ],
                        is_recursive: false,
                        has_metachars: false,
                    },
                ],
                webviews: [],
                scope_id: Some(
                    1,
                ),
            },
            ResolvedCommand {
                context: Local,
                windows: [
                    Pattern {
                        original: "main",
                        tokens: [
                            Char(
                                'm',
                            ),
                            Char(
                                'a',
                            ),
                            Char(
                                'i',
                            ),
                            Char(
                                'n',
                            ),
                        ],
                        is_recursive: false,
                        has_metachars: false,
                    },
                ],
                webviews: [],
                scope_id: Some(
                    3,
                ),
            },
            ResolvedCommand {
                context: Local,
                windows: [
                    Pattern {
                        original: "main",
                        tokens: [
                            Char(
                                'm',
                            ),
                            Char(
                                'a',
                            ),
                            Char(
                                'i',
                            ),
                            Char(
                                'n',
                            ),
                        ],
                        is_recursive: false,
                        has_metachars: false,
                    },
                ],
                webviews: [],
                scope_id: None,
            },
        ],
        "plugin:fs|read_file": [
            ResolvedCommand {
                context: Local,
                windows: [
                    Pattern {
                        original: "main",
                        tokens: [
                            Char(
                                'm',
                            ),
                            Char(
                                'a',
                            ),
                            Char(
                                'i',
                            ),
                            Char(
                                'n',
                            ),
                        ],
                        is_recursive: false,
                        has_metachars: false,
                    },
                ],
                webviews: [],
                scope_id: Some(
                    2,
                ),
            },
            ResolvedCommand {
                context: Local,
                windows: [
                    Pattern {
                        original: "main",
                        tokens: [
                            Char(
                                'm',
                            ),
                            Char(
                                'a',
                            ),
                            Char(
                                'i',
                            ),
                            Char(
                                'n',
                            ),
                        ],
                        is_recursive: false,
                        has_metachars: false,
                    },
                ],
                webviews: [],
                scope_id: Some(
                    3,
                ),
            },
        ],
    },
    denied_commands: {},
    command_scope: {
        1: ResolvedScope {
            allow: [
                Object {
                    "path": String("$HOME/.config/**"),
                },
            ],
            deny: [],
        },
        2: ResolvedScope {
            allow: [
                Object {
                    "path": String("$HOME/.config/**"),
                },
            ],
            deny: [],
        },
        3: ResolvedScope {
            allow: [
                Object {
                    "path": String("$RESOURCE/**"),
                },
                Object {
                    "path": String("$RESOURCE"),
                },
            ],
            deny: [
                Object {
                    "path": String("$RESOURCE/**/*.key"),
                },
            ],
        },
        4: ResolvedScope {
            allow: [
                Object {
                    "path": String("$TEMP/*"),
                },
            ],
            deny: [],
        },
    },
    global_scope: {
        "fs": ResolvedScope {
            allow: [
                Object {
                    "path": String("$APPDATA/**"),
                },
                Object {
                    "path": String("$APPDATA"),
                },
                Object {
                    "path": String("$DOWNLOAD"),
                },
                Object {
                    "path": String("$DOWNLOAD/**"),
                },
            ],
            deny: [
                Object {
                    "path": String("$HOME"),
                },
                Object {
                    "path": String("$APPDATA/*.db"),
                },
            ],
        },
    },
}
