---
source: src/helpers/pbxproj.rs
expression: "super::parse(fixtures_path.join(\"project.pbxproj\")).expect(\"failed to parse pbxproj\")"
---
Pbxproj {
    path: "/Users/lucas/projects/tauri/tauri/tooling/cli/tests/fixtures/pbxproj/project.pbxproj",
    raw_lines: [
        "// !$*UTF8*$!",
        "{",
        "\tarchiveVersion = 1;",
        "\tclasses = {",
        "\t};",
        "\tobjectVersion = 54;",
        "\tobjects = {",
        "",
        "/* Begin PBXBuildFile section */",
        "\t\t2B78BA327A38C76093D36092 /* libapi_lib.a in Frameworks */ = {isa = PBXBuildFile; fileRef = 4A00E5F95D64FD14E47F85BD /* libapi_lib.a */; };",
        "\t\t3043432501C9BC2DB6B4CB95 /* CoreGraphics.framework in Frameworks */ = {isa = PBXBuildFile; fileRef = 71EB788DE4662CFC0D97F567 /* CoreGraphics.framework */; };",
        "\t\t328B4ADB3700C1873BEB7B10 /* main.mm in Sources */ = {isa = PBXBuildFile; fileRef = 90D3B673AFAB8D8AB561F616 /* main.mm */; };",
        "\t\t6F379F15DA085785BA2624D4 /* Assets.xcassets in Resources */ = {isa = PBXBuildFile; fileRef = 6B7E79E23E646BA7968B457C /* Assets.xcassets */; };",
        "\t\t9AADB041D25772D04E543F15 /* Metal.framework in Frameworks */ = {isa = PBXBuildFile; fileRef = 62601E25FA39E62BE119B74D /* Metal.framework */; };",
        "\t\t9DDA3BE70DD0E4013973FE38 /* UIKit.framework in Frameworks */ = {isa = PBXBuildFile; fileRef = B6082E363D51372A7658C351 /* UIKit.framework */; };",
        "\t\tAC8BDC2C7A63FA3FDC5967F4 /* LaunchScreen.storyboard in Resources */ = {isa = PBXBuildFile; fileRef = 4B2D1B108AE002010BDEC6D2 /* LaunchScreen.storyboard */; };",
        "\t\tAFA0CA286325FD7A34968CA2 /* Security.framework in Frameworks */ = {isa = PBXBuildFile; fileRef = 384966E551417F94A02D2706 /* Security.framework */; };",
        "\t\tB60763BD194DFACA215EC7DA /* QuartzCore.framework in Frameworks */ = {isa = PBXBuildFile; fileRef = DC377692DC31A070A0188C9D /* QuartzCore.framework */; };",
        "\t\tC6D80743F168BDF017B7769E /* WebKit.framework in Frameworks */ = {isa = PBXBuildFile; fileRef = 59CFE20DCF760BE67D9CE3D6 /* WebKit.framework */; };",
        "\t\tDFFF888045C8D9D9FB69E8FD /* MetalKit.framework in Frameworks */ = {isa = PBXBuildFile; fileRef = 338E66700FD330B99D434DD7 /* MetalKit.framework */; };",
        "\t\tF86717F05E27C72C9FA1FB27 /* assets in Resources */ = {isa = PBXBuildFile; fileRef = 74A8FDFB350B966F5AAD4A24 /* assets */; };",
        "/* End PBXBuildFile section */",
        "",
        "/* Begin PBXFileReference section */",
        "\t\t0E96CE07CD20273DD46BF325 /* main.rs */ = {isa = PBXFileReference; path = main.rs; sourceTree = \"<group>\"; };",
        "\t\t1C1AB1B414CA2795AFBEDDB9 /* tray.rs */ = {isa = PBXFileReference; path = tray.rs; sourceTree = \"<group>\"; };",
        "\t\t2F63E2AA460089BB58D40C79 /* Info.plist */ = {isa = PBXFileReference; lastKnownFileType = text.plist; path = Info.plist; sourceTree = \"<group>\"; };",
        "\t\t338E66700FD330B99D434DD7 /* MetalKit.framework */ = {isa = PBXFileReference; lastKnownFileType = wrapper.framework; name = MetalKit.framework; path = System/Library/Frameworks/MetalKit.framework; sourceTree = SDKROOT; };",
        "\t\t384966E551417F94A02D2706 /* Security.framework */ = {isa = PBXFileReference; lastKnownFileType = wrapper.framework; name = Security.framework; path = System/Library/Frameworks/Security.framework; sourceTree = SDKROOT; };",
        "\t\t3CA88F22095BE63D88585625 /* menu_plugin.rs */ = {isa = PBXFileReference; path = menu_plugin.rs; sourceTree = \"<group>\"; };",
        "\t\t4A00E5F95D64FD14E47F85BD /* libapi_lib.a */ = {isa = PBXFileReference; lastKnownFileType = archive.ar; path = libapi_lib.a; sourceTree = \"<group>\"; };",
        "\t\t4B2D1B108AE002010BDEC6D2 /* LaunchScreen.storyboard */ = {isa = PBXFileReference; lastKnownFileType = file.storyboard; path = LaunchScreen.storyboard; sourceTree = \"<group>\"; };",
        "\t\t59CFE20DCF760BE67D9CE3D6 /* WebKit.framework */ = {isa = PBXFileReference; lastKnownFileType = wrapper.framework; name = WebKit.framework; path = System/Library/Frameworks/WebKit.framework; sourceTree = SDKROOT; };",
        "\t\t5AC703CEBA41A121596066F3 /* api_iOS.app */ = {isa = PBXFileReference; includeInIndex = 0; lastKnownFileType = wrapper.application; path = api_iOS.app; sourceTree = BUILT_PRODUCTS_DIR; };",
        "\t\t62601E25FA39E62BE119B74D /* Metal.framework */ = {isa = PBXFileReference; lastKnownFileType = wrapper.framework; name = Metal.framework; path = System/Library/Frameworks/Metal.framework; sourceTree = SDKROOT; };",
        "\t\t6B7E79E23E646BA7968B457C /* Assets.xcassets */ = {isa = PBXFileReference; lastKnownFileType = folder.assetcatalog; path = Assets.xcassets; sourceTree = \"<group>\"; };",
        "\t\t71EB788DE4662CFC0D97F567 /* CoreGraphics.framework */ = {isa = PBXFileReference; lastKnownFileType = wrapper.framework; name = CoreGraphics.framework; path = System/Library/Frameworks/CoreGraphics.framework; sourceTree = SDKROOT; };",
        "\t\t74A8FDFB350B966F5AAD4A24 /* assets */ = {isa = PBXFileReference; lastKnownFileType = folder; path = assets; sourceTree = SOURCE_ROOT; };",
        "\t\t785D025E9542F7E098BF22B5 /* lib.rs */ = {isa = PBXFileReference; path = lib.rs; sourceTree = \"<group>\"; };",
        "\t\t879941AE3DAA14534BBC6391 /* api_iOS.entitlements */ = {isa = PBXFileReference; lastKnownFileType = text.plist.entitlements; path = api_iOS.entitlements; sourceTree = \"<group>\"; };",
        "\t\t90D3B673AFAB8D8AB561F616 /* main.mm */ = {isa = PBXFileReference; lastKnownFileType = sourcecode.cpp.objcpp; path = main.mm; sourceTree = \"<group>\"; };",
        "\t\tB6082E363D51372A7658C351 /* UIKit.framework */ = {isa = PBXFileReference; lastKnownFileType = wrapper.framework; name = UIKit.framework; path = System/Library/Frameworks/UIKit.framework; sourceTree = SDKROOT; };",
        "\t\tDC377692DC31A070A0188C9D /* QuartzCore.framework */ = {isa = PBXFileReference; lastKnownFileType = wrapper.framework; name = QuartzCore.framework; path = System/Library/Frameworks/QuartzCore.framework; sourceTree = SDKROOT; };",
        "\t\tEC8C7948C50C3C9B5D96CB61 /* bindings.h */ = {isa = PBXFileReference; lastKnownFileType = sourcecode.c.h; path = bindings.h; sourceTree = \"<group>\"; };",
        "\t\tF835F52713CE8F029D5D252C /* cmd.rs */ = {isa = PBXFileReference; path = cmd.rs; sourceTree = \"<group>\"; };",
        "/* End PBXFileReference section */",
        "",
        "/* Begin PBXFrameworksBuildPhase section */",
        "\t\t11E18DCDB3ADFE87C18915EF /* Frameworks */ = {",
        "\t\t\tisa = PBXFrameworksBuildPhase;",
        "\t\t\tbuildActionMask = 2147483647;",
        "\t\t\tfiles = (",
        "\t\t\t\t2B78BA327A38C76093D36092 /* libapi_lib.a in Frameworks */,",
        "\t\t\t\t3043432501C9BC2DB6B4CB95 /* CoreGraphics.framework in Frameworks */,",
        "\t\t\t\t9AADB041D25772D04E543F15 /* Metal.framework in Frameworks */,",
        "\t\t\t\tDFFF888045C8D9D9FB69E8FD /* MetalKit.framework in Frameworks */,",
        "\t\t\t\tB60763BD194DFACA215EC7DA /* QuartzCore.framework in Frameworks */,",
        "\t\t\t\tAFA0CA286325FD7A34968CA2 /* Security.framework in Frameworks */,",
        "\t\t\t\t9DDA3BE70DD0E4013973FE38 /* UIKit.framework in Frameworks */,",
        "\t\t\t\tC6D80743F168BDF017B7769E /* WebKit.framework in Frameworks */,",
        "\t\t\t);",
        "\t\t\trunOnlyForDeploymentPostprocessing = 0;",
        "\t\t};",
        "/* End PBXFrameworksBuildPhase section */",
        "",
        "/* Begin PBXGroup section */",
        "\t\t0677CEAF1F282F38CBA0F140 = {",
        "\t\t\tisa = PBXGroup;",
        "\t\t\tchildren = (",
        "\t\t\t\t74A8FDFB350B966F5AAD4A24 /* assets */,",
        "\t\t\t\t6B7E79E23E646BA7968B457C /* Assets.xcassets */,",
        "\t\t\t\t4B2D1B108AE002010BDEC6D2 /* LaunchScreen.storyboard */,",
        "\t\t\t\tF2116A6428EED18BE2A07E2B /* api_iOS */,",
        "\t\t\t\t86D903732E10FAC4D300E8DF /* Externals */,",
        "\t\t\t\t7A9A7AC155D9E22E54D6D847 /* Sources */,",
        "\t\t\t\tCF9AA87D2F6E9C389B7AB70B /* src */,",
        "\t\t\t\t10C9FC3FA3E12D6A4A67999D /* Frameworks */,",
        "\t\t\t\t4AC51E67B71E27F15B02C5CD /* Products */,",
        "\t\t\t);",
        "\t\t\tsourceTree = \"<group>\";",
        "\t\t};",
        "\t\t07051859D6E2D8109C8FB128 /* bindings */ = {",
        "\t\t\tisa = PBXGroup;",
        "\t\t\tchildren = (",
        "\t\t\t\tEC8C7948C50C3C9B5D96CB61 /* bindings.h */,",
        "\t\t\t);",
        "\t\t\tpath = bindings;",
        "\t\t\tsourceTree = \"<group>\";",
        "\t\t};",
        "\t\t10C9FC3FA3E12D6A4A67999D /* Frameworks */ = {",
        "\t\t\tisa = PBXGroup;",
        "\t\t\tchildren = (",
        "\t\t\t\t71EB788DE4662CFC0D97F567 /* CoreGraphics.framework */,",
        "\t\t\t\t4A00E5F95D64FD14E47F85BD /* libapi_lib.a */,",
        "\t\t\t\t62601E25FA39E62BE119B74D /* Metal.framework */,",
        "\t\t\t\t338E66700FD330B99D434DD7 /* MetalKit.framework */,",
        "\t\t\t\tDC377692DC31A070A0188C9D /* QuartzCore.framework */,",
        "\t\t\t\t384966E551417F94A02D2706 /* Security.framework */,",
        "\t\t\t\tB6082E363D51372A7658C351 /* UIKit.framework */,",
        "\t\t\t\t59CFE20DCF760BE67D9CE3D6 /* WebKit.framework */,",
        "\t\t\t);",
        "\t\t\tname = Frameworks;",
        "\t\t\tsourceTree = \"<group>\";",
        "\t\t};",
        "\t\t4AC51E67B71E27F15B02C5CD /* Products */ = {",
        "\t\t\tisa = PBXGroup;",
        "\t\t\tchildren = (",
        "\t\t\t\t5AC703CEBA41A121596066F3 /* api_iOS.app */,",
        "\t\t\t);",
        "\t\t\tname = Products;",
        "\t\t\tsourceTree = \"<group>\";",
        "\t\t};",
        "\t\t7A9A7AC155D9E22E54D6D847 /* Sources */ = {",
        "\t\t\tisa = PBXGroup;",
        "\t\t\tchildren = (",
        "\t\t\t\tA3574F52DBC5463B9C3D043D /* api */,",
        "\t\t\t);",
        "\t\t\tpath = Sources;",
        "\t\t\tsourceTree = \"<group>\";",
        "\t\t};",
        "\t\t86D903732E10FAC4D300E8DF /* Externals */ = {",
        "\t\t\tisa = PBXGroup;",
        "\t\t\tchildren = (",
        "\t\t\t);",
        "\t\t\tpath = Externals;",
        "\t\t\tsourceTree = \"<group>\";",
        "\t\t};",
        "\t\tA3574F52DBC5463B9C3D043D /* api */ = {",
        "\t\t\tisa = PBXGroup;",
        "\t\t\tchildren = (",
        "\t\t\t\t90D3B673AFAB8D8AB561F616 /* main.mm */,",
        "\t\t\t\t07051859D6E2D8109C8FB128 /* bindings */,",
        "\t\t\t);",
        "\t\t\tpath = api;",
        "\t\t\tsourceTree = \"<group>\";",
        "\t\t};",
        "\t\tCF9AA87D2F6E9C389B7AB70B /* src */ = {",
        "\t\t\tisa = PBXGroup;",
        "\t\t\tchildren = (",
        "\t\t\t\tF835F52713CE8F029D5D252C /* cmd.rs */,",
        "\t\t\t\t785D025E9542F7E098BF22B5 /* lib.rs */,",
        "\t\t\t\t0E96CE07CD20273DD46BF325 /* main.rs */,",
        "\t\t\t\t3CA88F22095BE63D88585625 /* menu_plugin.rs */,",
        "\t\t\t\t1C1AB1B414CA2795AFBEDDB9 /* tray.rs */,",
        "\t\t\t);",
        "\t\t\tname = src;",
        "\t\t\tpath = ../../src;",
        "\t\t\tsourceTree = \"<group>\";",
        "\t\t};",
        "\t\tF2116A6428EED18BE2A07E2B /* api_iOS */ = {",
        "\t\t\tisa = PBXGroup;",
        "\t\t\tchildren = (",
        "\t\t\t\t879941AE3DAA14534BBC6391 /* api_iOS.entitlements */,",
        "\t\t\t\t2F63E2AA460089BB58D40C79 /* Info.plist */,",
        "\t\t\t);",
        "\t\t\tpath = api_iOS;",
        "\t\t\tsourceTree = \"<group>\";",
        "\t\t};",
        "/* End PBXGroup section */",
        "",
        "/* Begin PBXNativeTarget section */",
        "\t\t54DC6E273C78071F3BA12EF3 /* api_iOS */ = {",
        "\t\t\tisa = PBXNativeTarget;",
        "\t\t\tbuildConfigurationList = 01CBC40275452376830D79B1 /* Build configuration list for PBXNativeTarget \"api_iOS\" */;",
        "\t\t\tbuildPhases = (",
        "\t\t\t\tFF948951157DE71465B5BD5F /* Build Rust Code */,",
        "\t\t\t\t71E73CC9AB5F1323EC1F6365 /* Sources */,",
        "\t\t\t\tCA2BEC44B6EDA1F21B6155CD /* Resources */,",
        "\t\t\t\t11E18DCDB3ADFE87C18915EF /* Frameworks */,",
        "\t\t\t);",
        "\t\t\tbuildRules = (",
        "\t\t\t);",
        "\t\t\tdependencies = (",
        "\t\t\t);",
        "\t\t\tname = api_iOS;",
        "\t\t\tproductName = api_iOS;",
        "\t\t\tproductReference = 5AC703CEBA41A121596066F3 /* api_iOS.app */;",
        "\t\t\tproductType = \"com.apple.product-type.application\";",
        "\t\t};",
        "/* End PBXNativeTarget section */",
        "",
        "/* Begin PBXProject section */",
        "\t\t9BC88C3717DA5D4B78A51C15 /* Project object */ = {",
        "\t\t\tisa = PBXProject;",
        "\t\t\tattributes = {",
        "\t\t\t\tBuildIndependentTargetsInParallel = YES;",
        "\t\t\t\tLastUpgradeCheck = 1430;",
        "\t\t\t\tTargetAttributes = {",
        "\t\t\t\t\t54DC6E273C78071F3BA12EF3 = {",
        "\t\t\t\t\t\tDevelopmentTeam = Q93MBH6S2F;",
        "\t\t\t\t\t};",
        "\t\t\t\t};",
        "\t\t\t};",
        "\t\t\tbuildConfigurationList = 8FA67D0F928A09CD639137D1 /* Build configuration list for PBXProject \"api\" */;",
        "\t\t\tcompatibilityVersion = \"Xcode 14.0\";",
        "\t\t\tdevelopmentRegion = en;",
        "\t\t\thasScannedForEncodings = 0;",
        "\t\t\tknownRegions = (",
        "\t\t\t\tBase,",
        "\t\t\t\ten,",
        "\t\t\t);",
        "\t\t\tmainGroup = 0677CEAF1F282F38CBA0F140;",
        "\t\t\tprojectDirPath = \"\";",
        "\t\t\tprojectRoot = \"\";",
        "\t\t\ttargets = (",
        "\t\t\t\t54DC6E273C78071F3BA12EF3 /* api_iOS */,",
        "\t\t\t);",
        "\t\t};",
        "/* End PBXProject section */",
        "",
        "/* Begin PBXResourcesBuildPhase section */",
        "\t\tCA2BEC44B6EDA1F21B6155CD /* Resources */ = {",
        "\t\t\tisa = PBXResourcesBuildPhase;",
        "\t\t\tbuildActionMask = 2147483647;",
        "\t\t\tfiles = (",
        "\t\t\t\t6F379F15DA085785BA2624D4 /* Assets.xcassets in Resources */,",
        "\t\t\t\tAC8BDC2C7A63FA3FDC5967F4 /* LaunchScreen.storyboard in Resources */,",
        "\t\t\t\tF86717F05E27C72C9FA1FB27 /* assets in Resources */,",
        "\t\t\t);",
        "\t\t\trunOnlyForDeploymentPostprocessing = 0;",
        "\t\t};",
        "/* End PBXResourcesBuildPhase section */",
        "",
        "/* Begin PBXShellScriptBuildPhase section */",
        "\t\tFF948951157DE71465B5BD5F /* Build Rust Code */ = {",
        "\t\t\tisa = PBXShellScriptBuildPhase;",
        "\t\t\talwaysOutOfDate = 1;",
        "\t\t\tbuildActionMask = 2147483647;",
        "\t\t\tfiles = (",
        "\t\t\t);",
        "\t\t\tinputFileListPaths = (",
        "\t\t\t);",
        "\t\t\tinputPaths = (",
        "\t\t\t);",
        "\t\t\tname = \"Build Rust Code\";",
        "\t\t\toutputFileListPaths = (",
        "\t\t\t);",
        "\t\t\toutputPaths = (",
        "\t\t\t\t\"$(SRCROOT)/Externals/x86_64/${CONFIGURATION}/libapi_lib.a\",",
        "\t\t\t\t\"$(SRCROOT)/Externals/arm64/${CONFIGURATION}/libapi_lib.a\",",
        "\t\t\t\t\"$(SRCROOT)/Externals/arm64-sim/${CONFIGURATION}/libapi_lib.a\",",
        "\t\t\t);",
        "\t\t\trunOnlyForDeploymentPostprocessing = 0;",
        "\t\t\tshellPath = /bin/sh;",
        "\t\t\tshellScript = \"cargo tauri ios xcode-script -v --platform ${PLATFORM_DISPLAY_NAME:?} --sdk-root ${SDKROOT:?} --framework-search-paths \\\"${FRAMEWORK_SEARCH_PATHS:?}\\\" --header-search-paths \\\"${HEADER_SEARCH_PATHS:?}\\\" --gcc-preprocessor-definitions \\\"${GCC_PREPROCESSOR_DEFINITIONS:-}\\\" --configuration ${CONFIGURATION:?} ${FORCE_COLOR} ${ARCHS:?}\";",
        "\t\t};",
        "/* End PBXShellScriptBuildPhase section */",
        "",
        "/* Begin PBXSourcesBuildPhase section */",
        "\t\t71E73CC9AB5F1323EC1F6365 /* Sources */ = {",
        "\t\t\tisa = PBXSourcesBuildPhase;",
        "\t\t\tbuildActionMask = 2147483647;",
        "\t\t\tfiles = (",
        "\t\t\t\t328B4ADB3700C1873BEB7B10 /* main.mm in Sources */,",
        "\t\t\t);",
        "\t\t\trunOnlyForDeploymentPostprocessing = 0;",
        "\t\t};",
        "/* End PBXSourcesBuildPhase section */",
        "",
        "/* Begin XCBuildConfiguration section */",
        "\t\tA83F70B4C02DD0222038C7F1 /* release */ = {",
        "\t\t\tisa = XCBuildConfiguration;",
        "\t\t\tbuildSettings = {",
        "\t\t\t\tALWAYS_SEARCH_USER_PATHS = NO;",
        "\t\t\t\tCLANG_ANALYZER_NONNULL = YES;",
        "\t\t\t\tCLANG_ANALYZER_NUMBER_OBJECT_CONVERSION = YES_AGGRESSIVE;",
        "\t\t\t\tCLANG_CXX_LANGUAGE_STANDARD = \"gnu++14\";",
        "\t\t\t\tCLANG_CXX_LIBRARY = \"libc++\";",
        "\t\t\t\tCLANG_ENABLE_MODULES = YES;",
        "\t\t\t\tCLANG_ENABLE_OBJC_ARC = YES;",
        "\t\t\t\tCLANG_ENABLE_OBJC_WEAK = YES;",
        "\t\t\t\tCLANG_WARN_BLOCK_CAPTURE_AUTORELEASING = YES;",
        "\t\t\t\tCLANG_WARN_BOOL_CONVERSION = YES;",
        "\t\t\t\tCLANG_WARN_COMMA = YES;",
        "\t\t\t\tCLANG_WARN_CONSTANT_CONVERSION = YES;",
        "\t\t\t\tCLANG_WARN_DEPRECATED_OBJC_IMPLEMENTATIONS = YES;",
        "\t\t\t\tCLANG_WARN_DIRECT_OBJC_ISA_USAGE = YES_ERROR;",
        "\t\t\t\tCLANG_WARN_DOCUMENTATION_COMMENTS = YES;",
        "\t\t\t\tCLANG_WARN_EMPTY_BODY = YES;",
        "\t\t\t\tCLANG_WARN_ENUM_CONVERSION = YES;",
        "\t\t\t\tCLANG_WARN_INFINITE_RECURSION = YES;",
        "\t\t\t\tCLANG_WARN_INT_CONVERSION = YES;",
        "\t\t\t\tCLANG_WARN_NON_LITERAL_NULL_CONVERSION = YES;",
        "\t\t\t\tCLANG_WARN_OBJC_IMPLICIT_RETAIN_SELF = YES;",
        "\t\t\t\tCLANG_WARN_OBJC_LITERAL_CONVERSION = YES;",
        "\t\t\t\tCLANG_WARN_OBJC_ROOT_CLASS = YES_ERROR;",
        "\t\t\t\tCLANG_WARN_QUOTED_INCLUDE_IN_FRAMEWORK_HEADER = YES;",
        "\t\t\t\tCLANG_WARN_RANGE_LOOP_ANALYSIS = YES;",
        "\t\t\t\tCLANG_WARN_STRICT_PROTOTYPES = YES;",
        "\t\t\t\tCLANG_WARN_SUSPICIOUS_MOVE = YES;",
        "\t\t\t\tCLANG_WARN_UNGUARDED_AVAILABILITY = YES_AGGRESSIVE;",
        "\t\t\t\tCLANG_WARN_UNREACHABLE_CODE = YES;",
        "\t\t\t\tCLANG_WARN__DUPLICATE_METHOD_MATCH = YES;",
        "\t\t\t\tCOPY_PHASE_STRIP = NO;",
        "\t\t\t\tDEBUG_INFORMATION_FORMAT = \"dwarf-with-dsym\";",
        "\t\t\t\tENABLE_NS_ASSERTIONS = NO;",
        "\t\t\t\tENABLE_STRICT_OBJC_MSGSEND = YES;",
        "\t\t\t\tGCC_C_LANGUAGE_STANDARD = gnu11;",
        "\t\t\t\tGCC_NO_COMMON_BLOCKS = YES;",
        "\t\t\t\tGCC_WARN_64_TO_32_BIT_CONVERSION = YES;",
        "\t\t\t\tGCC_WARN_ABOUT_RETURN_TYPE = YES_ERROR;",
        "\t\t\t\tGCC_WARN_UNDECLARED_SELECTOR = YES;",
        "\t\t\t\tGCC_WARN_UNINITIALIZED_AUTOS = YES_AGGRESSIVE;",
        "\t\t\t\tGCC_WARN_UNUSED_FUNCTION = YES;",
        "\t\t\t\tGCC_WARN_UNUSED_VARIABLE = YES;",
        "\t\t\t\tIPHONEOS_DEPLOYMENT_TARGET = 13.0;",
        "\t\t\t\tMTL_ENABLE_DEBUG_INFO = NO;",
        "\t\t\t\tMTL_FAST_MATH = YES;",
        "\t\t\t\tPRODUCT_NAME = \"$(TARGET_NAME)\";",
        "\t\t\t\tSDKROOT = iphoneos;",
        "\t\t\t\tSWIFT_COMPILATION_MODE = wholemodule;",
        "\t\t\t\tSWIFT_OPTIMIZATION_LEVEL = \"-O\";",
        "\t\t\t\tSWIFT_VERSION = 5.0;",
        "\t\t\t};",
        "\t\t\tname = release;",
        "\t\t};",
        "\t\tB6AD77E490F315562F75D3D7 /* debug */ = {",
        "\t\t\tisa = XCBuildConfiguration;",
        "\t\t\tbuildSettings = {",
        "\t\t\t\tALWAYS_SEARCH_USER_PATHS = NO;",
        "\t\t\t\tCLANG_ANALYZER_NONNULL = YES;",
        "\t\t\t\tCLANG_ANALYZER_NUMBER_OBJECT_CONVERSION = YES_AGGRESSIVE;",
        "\t\t\t\tCLANG_CXX_LANGUAGE_STANDARD = \"gnu++14\";",
        "\t\t\t\tCLANG_CXX_LIBRARY = \"libc++\";",
        "\t\t\t\tCLANG_ENABLE_MODULES = YES;",
        "\t\t\t\tCLANG_ENABLE_OBJC_ARC = YES;",
        "\t\t\t\tCLANG_ENABLE_OBJC_WEAK = YES;",
        "\t\t\t\tCLANG_WARN_BLOCK_CAPTURE_AUTORELEASING = YES;",
        "\t\t\t\tCLANG_WARN_BOOL_CONVERSION = YES;",
        "\t\t\t\tCLANG_WARN_COMMA = YES;",
        "\t\t\t\tCLANG_WARN_CONSTANT_CONVERSION = YES;",
        "\t\t\t\tCLANG_WARN_DEPRECATED_OBJC_IMPLEMENTATIONS = YES;",
        "\t\t\t\tCLANG_WARN_DIRECT_OBJC_ISA_USAGE = YES_ERROR;",
        "\t\t\t\tCLANG_WARN_DOCUMENTATION_COMMENTS = YES;",
        "\t\t\t\tCLANG_WARN_EMPTY_BODY = YES;",
        "\t\t\t\tCLANG_WARN_ENUM_CONVERSION = YES;",
        "\t\t\t\tCLANG_WARN_INFINITE_RECURSION = YES;",
        "\t\t\t\tCLANG_WARN_INT_CONVERSION = YES;",
        "\t\t\t\tCLANG_WARN_NON_LITERAL_NULL_CONVERSION = YES;",
        "\t\t\t\tCLANG_WARN_OBJC_IMPLICIT_RETAIN_SELF = YES;",
        "\t\t\t\tCLANG_WARN_OBJC_LITERAL_CONVERSION = YES;",
        "\t\t\t\tCLANG_WARN_OBJC_ROOT_CLASS = YES_ERROR;",
        "\t\t\t\tCLANG_WARN_QUOTED_INCLUDE_IN_FRAMEWORK_HEADER = YES;",
        "\t\t\t\tCLANG_WARN_RANGE_LOOP_ANALYSIS = YES;",
        "\t\t\t\tCLANG_WARN_STRICT_PROTOTYPES = YES;",
        "\t\t\t\tCLANG_WARN_SUSPICIOUS_MOVE = YES;",
        "\t\t\t\tCLANG_WARN_UNGUARDED_AVAILABILITY = YES_AGGRESSIVE;",
        "\t\t\t\tCLANG_WARN_UNREACHABLE_CODE = YES;",
        "\t\t\t\tCLANG_WARN__DUPLICATE_METHOD_MATCH = YES;",
        "\t\t\t\tCOPY_PHASE_STRIP = NO;",
        "\t\t\t\tDEBUG_INFORMATION_FORMAT = dwarf;",
        "\t\t\t\tENABLE_STRICT_OBJC_MSGSEND = YES;",
        "\t\t\t\tENABLE_TESTABILITY = YES;",
        "\t\t\t\tGCC_C_LANGUAGE_STANDARD = gnu11;",
        "\t\t\t\tGCC_DYNAMIC_NO_PIC = NO;",
        "\t\t\t\tGCC_NO_COMMON_BLOCKS = YES;",
        "\t\t\t\tGCC_OPTIMIZATION_LEVEL = 0;",
        "\t\t\t\tGCC_PREPROCESSOR_DEFINITIONS = (",
        "\t\t\t\t\t\"$(inherited)\",",
        "\t\t\t\t\t\"DEBUG=1\",",
        "\t\t\t\t);",
        "\t\t\t\tGCC_WARN_64_TO_32_BIT_CONVERSION = YES;",
        "\t\t\t\tGCC_WARN_ABOUT_RETURN_TYPE = YES_ERROR;",
        "\t\t\t\tGCC_WARN_UNDECLARED_SELECTOR = YES;",
        "\t\t\t\tGCC_WARN_UNINITIALIZED_AUTOS = YES_AGGRESSIVE;",
        "\t\t\t\tGCC_WARN_UNUSED_FUNCTION = YES;",
        "\t\t\t\tGCC_WARN_UNUSED_VARIABLE = YES;",
        "\t\t\t\tIPHONEOS_DEPLOYMENT_TARGET = 13.0;",
        "\t\t\t\tMTL_ENABLE_DEBUG_INFO = INCLUDE_SOURCE;",
        "\t\t\t\tMTL_FAST_MATH = YES;",
        "\t\t\t\tONLY_ACTIVE_ARCH = YES;",
        "\t\t\t\tPRODUCT_NAME = \"$(TARGET_NAME)\";",
        "\t\t\t\tSDKROOT = iphoneos;",
        "\t\t\t\tSWIFT_ACTIVE_COMPILATION_CONDITIONS = DEBUG;",
        "\t\t\t\tSWIFT_OPTIMIZATION_LEVEL = \"-Onone\";",
        "\t\t\t\tSWIFT_VERSION = 5.0;",
        "\t\t\t};",
        "\t\t\tname = debug;",
        "\t\t};",
        "\t\tBF284FE6E7AE0C8DDCCE398B /* debug */ = {",
        "\t\t\tisa = XCBuildConfiguration;",
        "\t\t\tbuildSettings = {",
        "\t\t\t\tALWAYS_EMBED_SWIFT_STANDARD_LIBRARIES = YES;",
        "\t\t\t\tARCHS = (",
        "\t\t\t\t\tarm64,",
        "\t\t\t\t\t\"arm64-sim\",",
        "\t\t\t\t);",
        "\t\t\t\tASSETCATALOG_COMPILER_APPICON_NAME = AppIcon;",
        "\t\t\t\tCODE_SIGN_ENTITLEMENTS = api_iOS/api_iOS.entitlements;",
        "\t\t\t\tCODE_SIGN_IDENTITY = \"iPhone Developer\";",
        "\t\t\t\tDEVELOPMENT_TEAM = Q93MBH6S2F;",
        "\t\t\t\tENABLE_BITCODE = NO;",
        "\t\t\t\t\"EXCLUDED_ARCHS[sdk=iphoneos*]\" = \"arm64-sim x86_64\";",
        "\t\t\t\t\"EXCLUDED_ARCHS[sdk=iphonesimulator*]\" = arm64;",
        "\t\t\t\tFRAMEWORK_SEARCH_PATHS = (",
        "\t\t\t\t\t\"$(inherited)\",",
        "\t\t\t\t\t\"\\\".\\\"\",",
        "\t\t\t\t);",
        "\t\t\t\tINFOPLIST_FILE = api_iOS/Info.plist;",
        "\t\t\t\tLD_RUNPATH_SEARCH_PATHS = (",
        "\t\t\t\t\t\"$(inherited)\",",
        "\t\t\t\t\t\"@executable_path/Frameworks\",",
        "\t\t\t\t);",
        "\t\t\t\t\"LIBRARY_SEARCH_PATHS[arch=arm64-sim]\" = \"$(inherited) $(PROJECT_DIR)/Externals/arm64-sim/$(CONFIGURATION) $(SDKROOT)/usr/lib/swift $(TOOLCHAIN_DIR)/usr/lib/swift/$(PLATFORM_NAME) $(TOOLCHAIN_DIR)/usr/lib/swift-5.0/$(PLATFORM_NAME)\";",
        "\t\t\t\t\"LIBRARY_SEARCH_PATHS[arch=arm64]\" = \"$(inherited) $(PROJECT_DIR)/Externals/arm64/$(CONFIGURATION) $(SDKROOT)/usr/lib/swift $(TOOLCHAIN_DIR)/usr/lib/swift/$(PLATFORM_NAME) $(TOOLCHAIN_DIR)/usr/lib/swift-5.0/$(PLATFORM_NAME)\";",
        "\t\t\t\t\"LIBRARY_SEARCH_PATHS[arch=x86_64]\" = \"$(inherited) $(PROJECT_DIR)/Externals/x86_64/$(CONFIGURATION) $(SDKROOT)/usr/lib/swift $(TOOLCHAIN_DIR)/usr/lib/swift/$(PLATFORM_NAME) $(TOOLCHAIN_DIR)/usr/lib/swift-5.0/$(PLATFORM_NAME)\";",
        "\t\t\t\tPRODUCT_BUNDLE_IDENTIFIER = com.tauri.api;",
        "\t\t\t\tPRODUCT_NAME = \"Tauri API\";",
        "\t\t\t\tSDKROOT = iphoneos;",
        "\t\t\t\tTARGETED_DEVICE_FAMILY = \"1,2\";",
        "\t\t\t\tVALID_ARCHS = \"arm64  arm64-sim\";",
        "\t\t\t};",
        "\t\t\tname = debug;",
        "\t\t};",
        "\t\tDB0E254D0FD84970B57F6410 /* release */ = {",
        "\t\t\tisa = XCBuildConfiguration;",
        "\t\t\tbuildSettings = {",
        "\t\t\t\tALWAYS_EMBED_SWIFT_STANDARD_LIBRARIES = YES;",
        "\t\t\t\tARCHS = (",
        "\t\t\t\t\tarm64,",
        "\t\t\t\t\t\"arm64-sim\",",
        "\t\t\t\t);",
        "\t\t\t\tASSETCATALOG_COMPILER_APPICON_NAME = AppIcon;",
        "\t\t\t\tCODE_SIGN_ENTITLEMENTS = api_iOS/api_iOS.entitlements;",
        "\t\t\t\tCODE_SIGN_IDENTITY = \"iPhone Developer\";",
        "\t\t\t\tDEVELOPMENT_TEAM = Q93MBH6S2F;",
        "\t\t\t\tENABLE_BITCODE = NO;",
        "\t\t\t\t\"EXCLUDED_ARCHS[sdk=iphoneos*]\" = \"arm64-sim x86_64\";",
        "\t\t\t\t\"EXCLUDED_ARCHS[sdk=iphonesimulator*]\" = arm64;",
        "\t\t\t\tFRAMEWORK_SEARCH_PATHS = (",
        "\t\t\t\t\t\"$(inherited)\",",
        "\t\t\t\t\t\"\\\".\\\"\",",
        "\t\t\t\t);",
        "\t\t\t\tINFOPLIST_FILE = api_iOS/Info.plist;",
        "\t\t\t\tLD_RUNPATH_SEARCH_PATHS = (",
        "\t\t\t\t\t\"$(inherited)\",",
        "\t\t\t\t\t\"@executable_path/Frameworks\",",
        "\t\t\t\t);",
        "\t\t\t\t\"LIBRARY_SEARCH_PATHS[arch=arm64-sim]\" = \"$(inherited) $(PROJECT_DIR)/Externals/arm64-sim/$(CONFIGURATION) $(SDKROOT)/usr/lib/swift $(TOOLCHAIN_DIR)/usr/lib/swift/$(PLATFORM_NAME) $(TOOLCHAIN_DIR)/usr/lib/swift-5.0/$(PLATFORM_NAME)\";",
        "\t\t\t\t\"LIBRARY_SEARCH_PATHS[arch=arm64]\" = \"$(inherited) $(PROJECT_DIR)/Externals/arm64/$(CONFIGURATION) $(SDKROOT)/usr/lib/swift $(TOOLCHAIN_DIR)/usr/lib/swift/$(PLATFORM_NAME) $(TOOLCHAIN_DIR)/usr/lib/swift-5.0/$(PLATFORM_NAME)\";",
        "\t\t\t\t\"LIBRARY_SEARCH_PATHS[arch=x86_64]\" = \"$(inherited) $(PROJECT_DIR)/Externals/x86_64/$(CONFIGURATION) $(SDKROOT)/usr/lib/swift $(TOOLCHAIN_DIR)/usr/lib/swift/$(PLATFORM_NAME) $(TOOLCHAIN_DIR)/usr/lib/swift-5.0/$(PLATFORM_NAME)\";",
        "\t\t\t\tPRODUCT_BUNDLE_IDENTIFIER = com.tauri.api;",
        "\t\t\t\tPRODUCT_NAME = \"Tauri API\";",
        "\t\t\t\tSDKROOT = iphoneos;",
        "\t\t\t\tTARGETED_DEVICE_FAMILY = \"1,2\";",
        "\t\t\t\tVALID_ARCHS = \"arm64  arm64-sim\";",
        "\t\t\t};",
        "\t\t\tname = release;",
        "\t\t};",
        "/* End XCBuildConfiguration section */",
        "",
        "/* Begin XCConfigurationList section */",
        "\t\t01CBC40275452376830D79B1 /* Build configuration list for PBXNativeTarget \"api_iOS\" */ = {",
        "\t\t\tisa = XCConfigurationList;",
        "\t\t\tbuildConfigurations = (",
        "\t\t\t\tBF284FE6E7AE0C8DDCCE398B /* debug */,",
        "\t\t\t\tDB0E254D0FD84970B57F6410 /* release */,",
        "\t\t\t);",
        "\t\t\tdefaultConfigurationIsVisible = 0;",
        "\t\t\tdefaultConfigurationName = debug;",
        "\t\t};",
        "\t\t8FA67D0F928A09CD639137D1 /* Build configuration list for PBXProject \"api\" */ = {",
        "\t\t\tisa = XCConfigurationList;",
        "\t\t\tbuildConfigurations = (",
        "\t\t\t\tB6AD77E490F315562F75D3D7 /* debug */,",
        "\t\t\t\tA83F70B4C02DD0222038C7F1 /* release */,",
        "\t\t\t);",
        "\t\t\tdefaultConfigurationIsVisible = 0;",
        "\t\t\tdefaultConfigurationName = debug;",
        "\t\t};",
        "/* End XCConfigurationList section */",
        "\t};",
        "\trootObject = 9BC88C3717DA5D4B78A51C15 /* Project object */;",
        "}",
        "",
    ],
    xc_build_configuration: {
        "A83F70B4C02DD0222038C7F1": XCBuildConfiguration {
            build_settings: [
                BuildSettings {
                    identation: "\t\t\t\t",
                    line_number: 263,
                    key: "ALWAYS_SEARCH_USER_PATHS",
                    value: "NO",
                },
                BuildSettings {
                    identation: "\t\t\t\t",
                    line_number: 264,
                    key: "CLANG_ANALYZER_NONNULL",
                    value: "YES",
                },
                BuildSettings {
                    identation: "\t\t\t\t",
                    line_number: 265,
                    key: "CLANG_ANALYZER_NUMBER_OBJECT_CONVERSION",
                    value: "YES_AGGRESSIVE",
                },
                BuildSettings {
                    identation: "\t\t\t\t",
                    line_number: 266,
                    key: "CLANG_CXX_LANGUAGE_STANDARD",
                    value: "\"gnu++14\"",
                },
                BuildSettings {
                    identation: "\t\t\t\t",
                    line_number: 267,
                    key: "CLANG_CXX_LIBRARY",
                    value: "\"libc++\"",
                },
                BuildSettings {
                    identation: "\t\t\t\t",
                    line_number: 268,
                    key: "CLANG_ENABLE_MODULES",
                    value: "YES",
                },
                BuildSettings {
                    identation: "\t\t\t\t",
                    line_number: 269,
                    key: "CLANG_ENABLE_OBJC_ARC",
                    value: "YES",
                },
                BuildSettings {
                    identation: "\t\t\t\t",
                    line_number: 270,
                    key: "CLANG_ENABLE_OBJC_WEAK",
                    value: "YES",
                },
                BuildSettings {
                    identation: "\t\t\t\t",
                    line_number: 271,
                    key: "CLANG_WARN_BLOCK_CAPTURE_AUTORELEASING",
                    value: "YES",
                },
                BuildSettings {
                    identation: "\t\t\t\t",
                    line_number: 272,
                    key: "CLANG_WARN_BOOL_CONVERSION",
                    value: "YES",
                },
                BuildSettings {
                    identation: "\t\t\t\t",
                    line_number: 273,
                    key: "CLANG_WARN_COMMA",
                    value: "YES",
                },
                BuildSettings {
                    identation: "\t\t\t\t",
                    line_number: 274,
                    key: "CLANG_WARN_CONSTANT_CONVERSION",
                    value: "YES",
                },
                BuildSettings {
                    identation: "\t\t\t\t",
                    line_number: 275,
                    key: "CLANG_WARN_DEPRECATED_OBJC_IMPLEMENTATIONS",
                    value: "YES",
                },
                BuildSettings {
                    identation: "\t\t\t\t",
                    line_number: 276,
                    key: "CLANG_WARN_DIRECT_OBJC_ISA_USAGE",
                    value: "YES_ERROR",
                },
                BuildSettings {
                    identation: "\t\t\t\t",
                    line_number: 277,
                    key: "CLANG_WARN_DOCUMENTATION_COMMENTS",
                    value: "YES",
                },
                BuildSettings {
                    identation: "\t\t\t\t",
                    line_number: 278,
                    key: "CLANG_WARN_EMPTY_BODY",
                    value: "YES",
                },
                BuildSettings {
                    identation: "\t\t\t\t",
                    line_number: 279,
                    key: "CLANG_WARN_ENUM_CONVERSION",
                    value: "YES",
                },
                BuildSettings {
                    identation: "\t\t\t\t",
                    line_number: 280,
                    key: "CLANG_WARN_INFINITE_RECURSION",
                    value: "YES",
                },
                BuildSettings {
                    identation: "\t\t\t\t",
                    line_number: 281,
                    key: "CLANG_WARN_INT_CONVERSION",
                    value: "YES",
                },
                BuildSettings {
                    identation: "\t\t\t\t",
                    line_number: 282,
                    key: "CLANG_WARN_NON_LITERAL_NULL_CONVERSION",
                    value: "YES",
                },
                BuildSettings {
                    identation: "\t\t\t\t",
                    line_number: 283,
                    key: "CLANG_WARN_OBJC_IMPLICIT_RETAIN_SELF",
                    value: "YES",
                },
                BuildSettings {
                    identation: "\t\t\t\t",
                    line_number: 284,
                    key: "CLANG_WARN_OBJC_LITERAL_CONVERSION",
                    value: "YES",
                },
                BuildSettings {
                    identation: "\t\t\t\t",
                    line_number: 285,
                    key: "CLANG_WARN_OBJC_ROOT_CLASS",
                    value: "YES_ERROR",
                },
                BuildSettings {
                    identation: "\t\t\t\t",
                    line_number: 286,
                    key: "CLANG_WARN_QUOTED_INCLUDE_IN_FRAMEWORK_HEADER",
                    value: "YES",
                },
                BuildSettings {
                    identation: "\t\t\t\t",
                    line_number: 287,
                    key: "CLANG_WARN_RANGE_LOOP_ANALYSIS",
                    value: "YES",
                },
                BuildSettings {
                    identation: "\t\t\t\t",
                    line_number: 288,
                    key: "CLANG_WARN_STRICT_PROTOTYPES",
                    value: "YES",
                },
                BuildSettings {
                    identation: "\t\t\t\t",
                    line_number: 289,
                    key: "CLANG_WARN_SUSPICIOUS_MOVE",
                    value: "YES",
                },
                BuildSettings {
                    identation: "\t\t\t\t",
                    line_number: 290,
                    key: "CLANG_WARN_UNGUARDED_AVAILABILITY",
                    value: "YES_AGGRESSIVE",
                },
                BuildSettings {
                    identation: "\t\t\t\t",
                    line_number: 291,
                    key: "CLANG_WARN_UNREACHABLE_CODE",
                    value: "YES",
                },
                BuildSettings {
                    identation: "\t\t\t\t",
                    line_number: 292,
                    key: "CLANG_WARN__DUPLICATE_METHOD_MATCH",
                    value: "YES",
                },
                BuildSettings {
                    identation: "\t\t\t\t",
                    line_number: 293,
                    key: "COPY_PHASE_STRIP",
                    value: "NO",
                },
                BuildSettings {
                    identation: "\t\t\t\t",
                    line_number: 294,
                    key: "DEBUG_INFORMATION_FORMAT",
                    value: "\"dwarf-with-dsym\"",
                },
                BuildSettings {
                    identation: "\t\t\t\t",
                    line_number: 295,
                    key: "ENABLE_NS_ASSERTIONS",
                    value: "NO",
                },
                BuildSettings {
                    identation: "\t\t\t\t",
                    line_number: 296,
                    key: "ENABLE_STRICT_OBJC_MSGSEND",
                    value: "YES",
                },
                BuildSettings {
                    identation: "\t\t\t\t",
                    line_number: 297,
                    key: "GCC_C_LANGUAGE_STANDARD",
                    value: "gnu11",
                },
                BuildSettings {
                    identation: "\t\t\t\t",
                    line_number: 298,
                    key: "GCC_NO_COMMON_BLOCKS",
                    value: "YES",
                },
                BuildSettings {
                    identation: "\t\t\t\t",
                    line_number: 299,
                    key: "GCC_WARN_64_TO_32_BIT_CONVERSION",
                    value: "YES",
                },
                BuildSettings {
                    identation: "\t\t\t\t",
                    line_number: 300,
                    key: "GCC_WARN_ABOUT_RETURN_TYPE",
                    value: "YES_ERROR",
                },
                BuildSettings {
                    identation: "\t\t\t\t",
                    line_number: 301,
                    key: "GCC_WARN_UNDECLARED_SELECTOR",
                    value: "YES",
                },
                BuildSettings {
                    identation: "\t\t\t\t",
                    line_number: 302,
                    key: "GCC_WARN_UNINITIALIZED_AUTOS",
                    value: "YES_AGGRESSIVE",
                },
                BuildSettings {
                    identation: "\t\t\t\t",
                    line_number: 303,
                    key: "GCC_WARN_UNUSED_FUNCTION",
                    value: "YES",
                },
                BuildSettings {
                    identation: "\t\t\t\t",
                    line_number: 304,
                    key: "GCC_WARN_UNUSED_VARIABLE",
                    value: "YES",
                },
                BuildSettings {
                    identation: "\t\t\t\t",
                    line_number: 305,
                    key: "IPHONEOS_DEPLOYMENT_TARGET",
                    value: "13.0",
                },
                BuildSettings {
                    identation: "\t\t\t\t",
                    line_number: 306,
                    key: "MTL_ENABLE_DEBUG_INFO",
                    value: "NO",
                },
                BuildSettings {
                    identation: "\t\t\t\t",
                    line_number: 307,
                    key: "MTL_FAST_MATH",
                    value: "YES",
                },
                BuildSettings {
                    identation: "\t\t\t\t",
                    line_number: 308,
                    key: "PRODUCT_NAME",
                    value: "\"$(TARGET_NAME)\"",
                },
                BuildSettings {
                    identation: "\t\t\t\t",
                    line_number: 309,
                    key: "SDKROOT",
                    value: "iphoneos",
                },
                BuildSettings {
                    identation: "\t\t\t\t",
                    line_number: 310,
                    key: "SWIFT_COMPILATION_MODE",
                    value: "wholemodule",
                },
                BuildSettings {
                    identation: "\t\t\t\t",
                    line_number: 311,
                    key: "SWIFT_OPTIMIZATION_LEVEL",
                    value: "\"-O\"",
                },
                BuildSettings {
                    identation: "\t\t\t\t",
                    line_number: 312,
                    key: "SWIFT_VERSION",
                    value: "5.0",
                },
            ],
        },
        "B6AD77E490F315562F75D3D7": XCBuildConfiguration {
            build_settings: [
                BuildSettings {
                    identation: "\t\t\t\t",
                    line_number: 319,
                    key: "ALWAYS_SEARCH_USER_PATHS",
                    value: "NO",
                },
                BuildSettings {
                    identation: "\t\t\t\t",
                    line_number: 320,
                    key: "CLANG_ANALYZER_NONNULL",
                    value: "YES",
                },
                BuildSettings {
                    identation: "\t\t\t\t",
                    line_number: 321,
                    key: "CLANG_ANALYZER_NUMBER_OBJECT_CONVERSION",
                    value: "YES_AGGRESSIVE",
                },
                BuildSettings {
                    identation: "\t\t\t\t",
                    line_number: 322,
                    key: "CLANG_CXX_LANGUAGE_STANDARD",
                    value: "\"gnu++14\"",
                },
                BuildSettings {
                    identation: "\t\t\t\t",
                    line_number: 323,
                    key: "CLANG_CXX_LIBRARY",
                    value: "\"libc++\"",
                },
                BuildSettings {
                    identation: "\t\t\t\t",
                    line_number: 324,
                    key: "CLANG_ENABLE_MODULES",
                    value: "YES",
                },
                BuildSettings {
                    identation: "\t\t\t\t",
                    line_number: 325,
                    key: "CLANG_ENABLE_OBJC_ARC",
                    value: "YES",
                },
                BuildSettings {
                    identation: "\t\t\t\t",
                    line_number: 326,
                    key: "CLANG_ENABLE_OBJC_WEAK",
                    value: "YES",
                },
                BuildSettings {
                    identation: "\t\t\t\t",
                    line_number: 327,
                    key: "CLANG_WARN_BLOCK_CAPTURE_AUTORELEASING",
                    value: "YES",
                },
                BuildSettings {
                    identation: "\t\t\t\t",
                    line_number: 328,
                    key: "CLANG_WARN_BOOL_CONVERSION",
                    value: "YES",
                },
                BuildSettings {
                    identation: "\t\t\t\t",
                    line_number: 329,
                    key: "CLANG_WARN_COMMA",
                    value: "YES",
                },
                BuildSettings {
                    identation: "\t\t\t\t",
                    line_number: 330,
                    key: "CLANG_WARN_CONSTANT_CONVERSION",
                    value: "YES",
                },
                BuildSettings {
                    identation: "\t\t\t\t",
                    line_number: 331,
                    key: "CLANG_WARN_DEPRECATED_OBJC_IMPLEMENTATIONS",
                    value: "YES",
                },
                BuildSettings {
                    identation: "\t\t\t\t",
                    line_number: 332,
                    key: "CLANG_WARN_DIRECT_OBJC_ISA_USAGE",
                    value: "YES_ERROR",
                },
                BuildSettings {
                    identation: "\t\t\t\t",
                    line_number: 333,
                    key: "CLANG_WARN_DOCUMENTATION_COMMENTS",
                    value: "YES",
                },
                BuildSettings {
                    identation: "\t\t\t\t",
                    line_number: 334,
                    key: "CLANG_WARN_EMPTY_BODY",
                    value: "YES",
                },
                BuildSettings {
                    identation: "\t\t\t\t",
                    line_number: 335,
                    key: "CLANG_WARN_ENUM_CONVERSION",
                    value: "YES",
                },
                BuildSettings {
                    identation: "\t\t\t\t",
                    line_number: 336,
                    key: "CLANG_WARN_INFINITE_RECURSION",
                    value: "YES",
                },
                BuildSettings {
                    identation: "\t\t\t\t",
                    line_number: 337,
                    key: "CLANG_WARN_INT_CONVERSION",
                    value: "YES",
                },
                BuildSettings {
                    identation: "\t\t\t\t",
                    line_number: 338,
                    key: "CLANG_WARN_NON_LITERAL_NULL_CONVERSION",
                    value: "YES",
                },
                BuildSettings {
                    identation: "\t\t\t\t",
                    line_number: 339,
                    key: "CLANG_WARN_OBJC_IMPLICIT_RETAIN_SELF",
                    value: "YES",
                },
                BuildSettings {
                    identation: "\t\t\t\t",
                    line_number: 340,
                    key: "CLANG_WARN_OBJC_LITERAL_CONVERSION",
                    value: "YES",
                },
                BuildSettings {
                    identation: "\t\t\t\t",
                    line_number: 341,
                    key: "CLANG_WARN_OBJC_ROOT_CLASS",
                    value: "YES_ERROR",
                },
                BuildSettings {
                    identation: "\t\t\t\t",
                    line_number: 342,
                    key: "CLANG_WARN_QUOTED_INCLUDE_IN_FRAMEWORK_HEADER",
                    value: "YES",
                },
                BuildSettings {
                    identation: "\t\t\t\t",
                    line_number: 343,
                    key: "CLANG_WARN_RANGE_LOOP_ANALYSIS",
                    value: "YES",
                },
                BuildSettings {
                    identation: "\t\t\t\t",
                    line_number: 344,
                    key: "CLANG_WARN_STRICT_PROTOTYPES",
                    value: "YES",
                },
                BuildSettings {
                    identation: "\t\t\t\t",
                    line_number: 345,
                    key: "CLANG_WARN_SUSPICIOUS_MOVE",
                    value: "YES",
                },
                BuildSettings {
                    identation: "\t\t\t\t",
                    line_number: 346,
                    key: "CLANG_WARN_UNGUARDED_AVAILABILITY",
                    value: "YES_AGGRESSIVE",
                },
                BuildSettings {
                    identation: "\t\t\t\t",
                    line_number: 347,
                    key: "CLANG_WARN_UNREACHABLE_CODE",
                    value: "YES",
                },
                BuildSettings {
                    identation: "\t\t\t\t",
                    line_number: 348,
                    key: "CLANG_WARN__DUPLICATE_METHOD_MATCH",
                    value: "YES",
                },
                BuildSettings {
                    identation: "\t\t\t\t",
                    line_number: 349,
                    key: "COPY_PHASE_STRIP",
                    value: "NO",
                },
                BuildSettings {
                    identation: "\t\t\t\t",
                    line_number: 350,
                    key: "DEBUG_INFORMATION_FORMAT",
                    value: "dwarf",
                },
                BuildSettings {
                    identation: "\t\t\t\t",
                    line_number: 351,
                    key: "ENABLE_STRICT_OBJC_MSGSEND",
                    value: "YES",
                },
                BuildSettings {
                    identation: "\t\t\t\t",
                    line_number: 352,
                    key: "ENABLE_TESTABILITY",
                    value: "YES",
                },
                BuildSettings {
                    identation: "\t\t\t\t",
                    line_number: 353,
                    key: "GCC_C_LANGUAGE_STANDARD",
                    value: "gnu11",
                },
                BuildSettings {
                    identation: "\t\t\t\t",
                    line_number: 354,
                    key: "GCC_DYNAMIC_NO_PIC",
                    value: "NO",
                },
                BuildSettings {
                    identation: "\t\t\t\t",
                    line_number: 355,
                    key: "GCC_NO_COMMON_BLOCKS",
                    value: "YES",
                },
                BuildSettings {
                    identation: "\t\t\t\t",
                    line_number: 356,
                    key: "GCC_OPTIMIZATION_LEVEL",
                    value: "0",
                },
                BuildSettings {
                    identation: "\t\t\t\t",
                    line_number: 357,
                    key: "GCC_PREPROCESSOR_DEFINITIONS",
                    value: "(\t\t\t\t\t\"$(inherited)\",\n\t\t\t\t\t\"DEBUG=1\",\n\t\t\t\t);\n",
                },
                BuildSettings {
                    identation: "\t\t\t\t",
                    line_number: 361,
                    key: "GCC_WARN_64_TO_32_BIT_CONVERSION",
                    value: "YES",
                },
                BuildSettings {
                    identation: "\t\t\t\t",
                    line_number: 362,
                    key: "GCC_WARN_ABOUT_RETURN_TYPE",
                    value: "YES_ERROR",
                },
                BuildSettings {
                    identation: "\t\t\t\t",
                    line_number: 363,
                    key: "GCC_WARN_UNDECLARED_SELECTOR",
                    value: "YES",
                },
                BuildSettings {
                    identation: "\t\t\t\t",
                    line_number: 364,
                    key: "GCC_WARN_UNINITIALIZED_AUTOS",
                    value: "YES_AGGRESSIVE",
                },
                BuildSettings {
                    identation: "\t\t\t\t",
                    line_number: 365,
                    key: "GCC_WARN_UNUSED_FUNCTION",
                    value: "YES",
                },
                BuildSettings {
                    identation: "\t\t\t\t",
                    line_number: 366,
                    key: "GCC_WARN_UNUSED_VARIABLE",
                    value: "YES",
                },
                BuildSettings {
                    identation: "\t\t\t\t",
                    line_number: 367,
                    key: "IPHONEOS_DEPLOYMENT_TARGET",
                    value: "13.0",
                },
                BuildSettings {
                    identation: "\t\t\t\t",
                    line_number: 368,
                    key: "MTL_ENABLE_DEBUG_INFO",
                    value: "INCLUDE_SOURCE",
                },
                BuildSettings {
                    identation: "\t\t\t\t",
                    line_number: 369,
                    key: "MTL_FAST_MATH",
                    value: "YES",
                },
                BuildSettings {
                    identation: "\t\t\t\t",
                    line_number: 370,
                    key: "ONLY_ACTIVE_ARCH",
                    value: "YES",
                },
                BuildSettings {
                    identation: "\t\t\t\t",
                    line_number: 371,
                    key: "PRODUCT_NAME",
                    value: "\"$(TARGET_NAME)\"",
                },
                BuildSettings {
                    identation: "\t\t\t\t",
                    line_number: 372,
                    key: "SDKROOT",
                    value: "iphoneos",
                },
                BuildSettings {
                    identation: "\t\t\t\t",
                    line_number: 373,
                    key: "SWIFT_ACTIVE_COMPILATION_CONDITIONS",
                    value: "DEBUG",
                },
                BuildSettings {
                    identation: "\t\t\t\t",
                    line_number: 374,
                    key: "SWIFT_OPTIMIZATION_LEVEL",
                    value: "\"-Onone\"",
                },
                BuildSettings {
                    identation: "\t\t\t\t",
                    line_number: 375,
                    key: "SWIFT_VERSION",
                    value: "5.0",
                },
            ],
        },
        "BF284FE6E7AE0C8DDCCE398B": XCBuildConfiguration {
            build_settings: [
                BuildSettings {
                    identation: "\t\t\t\t",
                    line_number: 382,
                    key: "ALWAYS_EMBED_SWIFT_STANDARD_LIBRARIES",
                    value: "YES",
                },
                BuildSettings {
                    identation: "\t\t\t\t",
                    line_number: 383,
                    key: "ARCHS",
                    value: "(\t\t\t\t\tarm64,\n\t\t\t\t\t\"arm64-sim\",\n\t\t\t\t);\n",
                },
                BuildSettings {
                    identation: "\t\t\t\t",
                    line_number: 387,
                    key: "ASSETCATALOG_COMPILER_APPICON_NAME",
                    value: "AppIcon",
                },
                BuildSettings {
                    identation: "\t\t\t\t",
                    line_number: 388,
                    key: "CODE_SIGN_ENTITLEMENTS",
                    value: "api_iOS/api_iOS.entitlements",
                },
                BuildSettings {
                    identation: "\t\t\t\t",
                    line_number: 389,
                    key: "CODE_SIGN_IDENTITY",
                    value: "\"iPhone Developer\"",
                },
                BuildSettings {
                    identation: "\t\t\t\t",
                    line_number: 390,
                    key: "DEVELOPMENT_TEAM",
                    value: "Q93MBH6S2F",
                },
                BuildSettings {
                    identation: "\t\t\t\t",
                    line_number: 391,
                    key: "ENABLE_BITCODE",
                    value: "NO",
                },
                BuildSettings {
                    identation: "\t\t\t\t",
                    line_number: 392,
                    key: "\"EXCLUDED_ARCHS[sdk=iphoneos*]\"",
                    value: "\"arm64-sim x86_64\"",
                },
                BuildSettings {
                    identation: "\t\t\t\t",
                    line_number: 393,
                    key: "\"EXCLUDED_ARCHS[sdk=iphonesimulator*]\"",
                    value: "arm64",
                },
                BuildSettings {
                    identation: "\t\t\t\t",
                    line_number: 394,
                    key: "FRAMEWORK_SEARCH_PATHS",
                    value: "(\t\t\t\t\t\"$(inherited)\",\n\t\t\t\t\t\"\\\".\\\"\",\n\t\t\t\t);\n",
                },
                BuildSettings {
                    identation: "\t\t\t\t",
                    line_number: 398,
                    key: "INFOPLIST_FILE",
                    value: "api_iOS/Info.plist",
                },
                BuildSettings {
                    identation: "\t\t\t\t",
                    line_number: 399,
                    key: "LD_RUNPATH_SEARCH_PATHS",
                    value: "(\t\t\t\t\t\"$(inherited)\",\n\t\t\t\t\t\"@executable_path/Frameworks\",\n\t\t\t\t);\n",
                },
                BuildSettings {
                    identation: "\t\t\t\t",
                    line_number: 403,
                    key: "\"LIBRARY_SEARCH_PATHS[arch=arm64-sim]\"",
                    value: "\"$(inherited) $(PROJECT_DIR)/Externals/arm64-sim/$(CONFIGURATION) $(SDKROOT)/usr/lib/swift $(TOOLCHAIN_DIR)/usr/lib/swift/$(PLATFORM_NAME) $(TOOLCHAIN_DIR)/usr/lib/swift-5.0/$(PLATFORM_NAME)\"",
                },
                BuildSettings {
                    identation: "\t\t\t\t",
                    line_number: 404,
                    key: "\"LIBRARY_SEARCH_PATHS[arch=arm64]\"",
                    value: "\"$(inherited) $(PROJECT_DIR)/Externals/arm64/$(CONFIGURATION) $(SDKROOT)/usr/lib/swift $(TOOLCHAIN_DIR)/usr/lib/swift/$(PLATFORM_NAME) $(TOOLCHAIN_DIR)/usr/lib/swift-5.0/$(PLATFORM_NAME)\"",
                },
                BuildSettings {
                    identation: "\t\t\t\t",
                    line_number: 405,
                    key: "\"LIBRARY_SEARCH_PATHS[arch=x86_64]\"",
                    value: "\"$(inherited) $(PROJECT_DIR)/Externals/x86_64/$(CONFIGURATION) $(SDKROOT)/usr/lib/swift $(TOOLCHAIN_DIR)/usr/lib/swift/$(PLATFORM_NAME) $(TOOLCHAIN_DIR)/usr/lib/swift-5.0/$(PLATFORM_NAME)\"",
                },
                BuildSettings {
                    identation: "\t\t\t\t",
                    line_number: 406,
                    key: "PRODUCT_BUNDLE_IDENTIFIER",
                    value: "com.tauri.api",
                },
                BuildSettings {
                    identation: "\t\t\t\t",
                    line_number: 407,
                    key: "PRODUCT_NAME",
                    value: "\"Tauri API\"",
                },
                BuildSettings {
                    identation: "\t\t\t\t",
                    line_number: 408,
                    key: "SDKROOT",
                    value: "iphoneos",
                },
                BuildSettings {
                    identation: "\t\t\t\t",
                    line_number: 409,
                    key: "TARGETED_DEVICE_FAMILY",
                    value: "\"1,2\"",
                },
                BuildSettings {
                    identation: "\t\t\t\t",
                    line_number: 410,
                    key: "VALID_ARCHS",
                    value: "\"arm64  arm64-sim\"",
                },
            ],
        },
        "DB0E254D0FD84970B57F6410": XCBuildConfiguration {
            build_settings: [
                BuildSettings {
                    identation: "\t\t\t\t",
                    line_number: 417,
                    key: "ALWAYS_EMBED_SWIFT_STANDARD_LIBRARIES",
                    value: "YES",
                },
                BuildSettings {
                    identation: "\t\t\t\t",
                    line_number: 418,
                    key: "ARCHS",
                    value: "(\t\t\t\t\tarm64,\n\t\t\t\t\t\"arm64-sim\",\n\t\t\t\t);\n",
                },
                BuildSettings {
                    identation: "\t\t\t\t",
                    line_number: 422,
                    key: "ASSETCATALOG_COMPILER_APPICON_NAME",
                    value: "AppIcon",
                },
                BuildSettings {
                    identation: "\t\t\t\t",
                    line_number: 423,
                    key: "CODE_SIGN_ENTITLEMENTS",
                    value: "api_iOS/api_iOS.entitlements",
                },
                BuildSettings {
                    identation: "\t\t\t\t",
                    line_number: 424,
                    key: "CODE_SIGN_IDENTITY",
                    value: "\"iPhone Developer\"",
                },
                BuildSettings {
                    identation: "\t\t\t\t",
                    line_number: 425,
                    key: "DEVELOPMENT_TEAM",
                    value: "Q93MBH6S2F",
                },
                BuildSettings {
                    identation: "\t\t\t\t",
                    line_number: 426,
                    key: "ENABLE_BITCODE",
                    value: "NO",
                },
                BuildSettings {
                    identation: "\t\t\t\t",
                    line_number: 427,
                    key: "\"EXCLUDED_ARCHS[sdk=iphoneos*]\"",
                    value: "\"arm64-sim x86_64\"",
                },
                BuildSettings {
                    identation: "\t\t\t\t",
                    line_number: 428,
                    key: "\"EXCLUDED_ARCHS[sdk=iphonesimulator*]\"",
                    value: "arm64",
                },
                BuildSettings {
                    identation: "\t\t\t\t",
                    line_number: 429,
                    key: "FRAMEWORK_SEARCH_PATHS",
                    value: "(\t\t\t\t\t\"$(inherited)\",\n\t\t\t\t\t\"\\\".\\\"\",\n\t\t\t\t);\n",
                },
                BuildSettings {
                    identation: "\t\t\t\t",
                    line_number: 433,
                    key: "INFOPLIST_FILE",
                    value: "api_iOS/Info.plist",
                },
                BuildSettings {
                    identation: "\t\t\t\t",
                    line_number: 434,
                    key: "LD_RUNPATH_SEARCH_PATHS",
                    value: "(\t\t\t\t\t\"$(inherited)\",\n\t\t\t\t\t\"@executable_path/Frameworks\",\n\t\t\t\t);\n",
                },
                BuildSettings {
                    identation: "\t\t\t\t",
                    line_number: 438,
                    key: "\"LIBRARY_SEARCH_PATHS[arch=arm64-sim]\"",
                    value: "\"$(inherited) $(PROJECT_DIR)/Externals/arm64-sim/$(CONFIGURATION) $(SDKROOT)/usr/lib/swift $(TOOLCHAIN_DIR)/usr/lib/swift/$(PLATFORM_NAME) $(TOOLCHAIN_DIR)/usr/lib/swift-5.0/$(PLATFORM_NAME)\"",
                },
                BuildSettings {
                    identation: "\t\t\t\t",
                    line_number: 439,
                    key: "\"LIBRARY_SEARCH_PATHS[arch=arm64]\"",
                    value: "\"$(inherited) $(PROJECT_DIR)/Externals/arm64/$(CONFIGURATION) $(SDKROOT)/usr/lib/swift $(TOOLCHAIN_DIR)/usr/lib/swift/$(PLATFORM_NAME) $(TOOLCHAIN_DIR)/usr/lib/swift-5.0/$(PLATFORM_NAME)\"",
                },
                BuildSettings {
                    identation: "\t\t\t\t",
                    line_number: 440,
                    key: "\"LIBRARY_SEARCH_PATHS[arch=x86_64]\"",
                    value: "\"$(inherited) $(PROJECT_DIR)/Externals/x86_64/$(CONFIGURATION) $(SDKROOT)/usr/lib/swift $(TOOLCHAIN_DIR)/usr/lib/swift/$(PLATFORM_NAME) $(TOOLCHAIN_DIR)/usr/lib/swift-5.0/$(PLATFORM_NAME)\"",
                },
                BuildSettings {
                    identation: "\t\t\t\t",
                    line_number: 441,
                    key: "PRODUCT_BUNDLE_IDENTIFIER",
                    value: "com.tauri.api",
                },
                BuildSettings {
                    identation: "\t\t\t\t",
                    line_number: 442,
                    key: "PRODUCT_NAME",
                    value: "\"Tauri API\"",
                },
                BuildSettings {
                    identation: "\t\t\t\t",
                    line_number: 443,
                    key: "SDKROOT",
                    value: "iphoneos",
                },
                BuildSettings {
                    identation: "\t\t\t\t",
                    line_number: 444,
                    key: "TARGETED_DEVICE_FAMILY",
                    value: "\"1,2\"",
                },
                BuildSettings {
                    identation: "\t\t\t\t",
                    line_number: 445,
                    key: "VALID_ARCHS",
                    value: "\"arm64  arm64-sim\"",
                },
            ],
        },
    },
    xc_configuration_list: {
        "01CBC40275452376830D79B1": XCConfigurationList {
            comment: "/* Build configuration list for PBXNativeTarget \"api_iOS\" */",
            build_configurations: [
                BuildConfigurationRef {
                    id: "BF284FE6E7AE0C8DDCCE398B",
                    comments: "/* debug */",
                },
                BuildConfigurationRef {
                    id: "DB0E254D0FD84970B57F6410",
                    comments: "/* release */",
                },
            ],
        },
        "8FA67D0F928A09CD639137D1": XCConfigurationList {
            comment: "/* Build configuration list for PBXProject \"api\" */",
            build_configurations: [
                BuildConfigurationRef {
                    id: "B6AD77E490F315562F75D3D7",
                    comments: "/* debug */",
                },
                BuildConfigurationRef {
                    id: "A83F70B4C02DD0222038C7F1",
                    comments: "/* release */",
                },
            ],
        },
    },
    additions: {},
    has_changes: false,
}
